error: argument in join called on path contains a starting '/'
  --> $DIR/path_join_correction.rs:8:10
   |
LL |     path.join("/sh");
   |          ^^^^^^^^^^^ help: try removing first '/': `join("your/path/here")`
   |
   = note: `-D clippy::path-join-correction` implied by `-D warnings`

error: aborting due to previous error

